// Jest Snapshot v1, https://goo.gl/fbAQLP

exports[`renders airports chooser 1`] = `
<div
  align="center"
  className="MuiGrid-root makeStyles-container-1 MuiGrid-container MuiGrid-direction-xs-column MuiGrid-justify-xs-center"
>
  <button
    className="MuiButtonBase-root MuiButton-root MuiButton-contained makeStyles-button-2 MuiButton-containedPrimary"
    disabled={false}
    id="airport-chooser-btn"
    onBlur={[Function]}
    onClick={[Function]}
    onDragLeave={[Function]}
    onFocus={[Function]}
    onKeyDown={[Function]}
    onKeyUp={[Function]}
    onMouseDown={[Function]}
    onMouseLeave={[Function]}
    onMouseUp={[Function]}
    onTouchEnd={[Function]}
    onTouchMove={[Function]}
    onTouchStart={[Function]}
    tabIndex={0}
    type="button"
  >
    <span
      className="MuiButton-label"
    >
      Airport Chooser
    </span>
  </button>
</div>
`;
